// Jest Snapshot v1, https://goo.gl/fbAQLP

exports[`Service renders correctly 1`] = `
<div>
  <div
    class="css-5uwokq-Service"
  >
    <div
      class="css-i9l3dq"
    >
      <div
        class="css-tmeqbf"
      />
      <div
        class="css-ojfau8"
      >
        <img
          alt="Service logo"
          class="css-1vz0lri-Service"
        />
      </div>
    </div>
  </div>
  <h3
    class="css-j6wujt-Service"
  >
    Management
  </h3>
  <p
    class="css-vurnku"
  >
    Blind texts it is an almost unorthographic life One day however a small line of blind text by the name.
  </p>
</div>
`;
