// Jest Snapshot v1, https://goo.gl/fbAQLP

exports[`Cta renders correctly 1`] = `
<div>
  <section
    class="css-fvc22l-Cta"
    data-testid="section"
  >
    <div
      class="css-1yrmf69"
    >
      <div
        class="css-i1z8pl"
      >
        <div
          class="css-ycxng9-TextContainer"
          data-testid="text-container"
        >
          <h2
            class="css-1wf7gym"
          >
            Grow your business
          </h2>
          <p
            class="css-w9nyfe-Cta"
          >
            Today is the day to build the business of your dreams. Share your mission with the world â€” and blow your customers away.
          </p>
          <a
            class="css-1s79t5o-Cta"
            data-testid="gatsby-link"
            href="/about"
            target="_self"
          >
            Learn more
          </a>
        </div>
      </div>
    </div>
  </section>
</div>
`;
