// Jest Snapshot v1, https://goo.gl/fbAQLP

exports[`Text renders correctly 1`] = `
<div>
  <div
    class="css-1ptauik"
    data-testid="section"
  >
    <div
      class="css-1d54mlz"
    >
      <div
        class="css-ycxng9-TextContainer"
        data-testid="text-container"
      >
        <p
          class="css-5n2vnh-Text"
        >
          Far far away, behind the word mountains, far from the countries Vokalia and Consonantia, there live the blind texts. Separated they live in Bookmarksgrove right at the coast of the Semantics, a large language ocean. A small river named Duden flows by their place and supplies it with the necessary regelialia. It is a paradisematic country, in which roasted parts of sentences fly into your mouth.

Even the all-powerful Pointing has no control about the blind texts it is an almost unorthographic li...
        </p>
      </div>
      <hr
        class="css-1q65tqs"
      />
    </div>
  </div>
</div>
`;
