// Jest Snapshot v1, https://goo.gl/fbAQLP

exports[`Project renders correctly 1`] = `
<div>
  <section
    class="css-cwo03m-Hero"
    data-testid="section"
  >
    <div
      class=" gatsby-image-wrapper"
      style="position: absolute; overflow: hidden; top: 0px; left: 0px; width: 100%; height: 100%;"
    >
      <div
        aria-hidden="true"
        style="width: 100%; padding-bottom: 66.66666666666667%;"
      />
      <img
        alt=""
        aria-hidden="true"
        src="data:image/jpeg;base64,/9j/2wBDABALDA4MChAODQ4SERATGCgaGBYWGDEjJR0oOjM9PDkzODdASFxOQERXRTc4UG1RV19iZ2hnPk1xeXBkeFxlZ2P/2wBDARESEhgVGC8aGi9jQjhCY2NjY2NjY2NjY2NjY2NjY2NjY2NjY2NjY2NjY2NjY2NjY2NjY2NjY2NjY2NjY2NjY2P/wgARCAANABQDASIAAhEBAxEB/8QAFwAAAwEAAAAAAAAAAAAAAAAAAAMEBf/EABYBAQEBAAAAAAAAAAAAAAAAAAABAv/aAAwDAQACEAMQAAABRpZlrc4gj//EABkQAAMBAQEAAAAAAAAAAAAAAAECEQAEMf/aAAgBAQABBQJa2MTFnvP6SczG/wD/xAAUEQEAAAAAAAAAAAAAAAAAAAAQ/9oACAEDAQE/AT//xAAUEQEAAAAAAAAAAAAAAAAAAAAQ/9oACAECAQE/AT//xAAYEAACAwAAAAAAAAAAAAAAAAAAAREgIf/aAAgBAQAGPwJKEZX/xAAbEAACAgMBAAAAAAAAAAAAAAAAAREhMUGREP/aAAgBAQABPyF37DOxETySk0LkXr75v//aAAwDAQACAAMAAAAQ8/8A/8QAFxEBAAMAAAAAAAAAAAAAAAAAAAERMf/aAAgBAwEBPxDVQ//EABcRAAMBAAAAAAAAAAAAAAAAAAABESH/2gAIAQIBAT8QWFZ//8QAGxABAQEAAwEBAAAAAAAAAAAAAREAITFRYaH/2gAIAQEAAT8QPcwqGxdEPfD2vi5qAt4PmBS7afmHxbJ6uIrGl3//2Q=="
        style="position: absolute; top: 0px; left: 0px; width: 100%; height: 100%; object-fit: cover; object-position: center; opacity: 1; transition-delay: 500ms;"
      />
      <picture>
        <source
          sizes="(max-width: 1920px) 100vw, 1920px"
          srcset="/static/469dfe6e19619eaa5cde33d2c2e831a4/9104c/work_hand_book_flower_color_brown_1269173_pxhere_com_e819fdfbe5.jpg 480w,
/static/469dfe6e19619eaa5cde33d2c2e831a4/a6352/work_hand_book_flower_color_brown_1269173_pxhere_com_e819fdfbe5.jpg 960w,
/static/469dfe6e19619eaa5cde33d2c2e831a4/d8255/work_hand_book_flower_color_brown_1269173_pxhere_com_e819fdfbe5.jpg 1920w,
/static/469dfe6e19619eaa5cde33d2c2e831a4/af56c/work_hand_book_flower_color_brown_1269173_pxhere_com_e819fdfbe5.jpg 2880w,
/static/469dfe6e19619eaa5cde33d2c2e831a4/27fce/work_hand_book_flower_color_brown_1269173_pxhere_com_e819fdfbe5.jpg 3840w,
/static/469dfe6e19619eaa5cde33d2c2e831a4/41435/work_hand_book_flower_color_brown_1269173_pxhere_com_e819fdfbe5.jpg 5371w"
        />
        <img
          alt=""
          loading="lazy"
          sizes="(max-width: 1920px) 100vw, 1920px"
          src="/static/469dfe6e19619eaa5cde33d2c2e831a4/d8255/work_hand_book_flower_color_brown_1269173_pxhere_com_e819fdfbe5.jpg"
          srcset="/static/469dfe6e19619eaa5cde33d2c2e831a4/9104c/work_hand_book_flower_color_brown_1269173_pxhere_com_e819fdfbe5.jpg 480w,
/static/469dfe6e19619eaa5cde33d2c2e831a4/a6352/work_hand_book_flower_color_brown_1269173_pxhere_com_e819fdfbe5.jpg 960w,
/static/469dfe6e19619eaa5cde33d2c2e831a4/d8255/work_hand_book_flower_color_brown_1269173_pxhere_com_e819fdfbe5.jpg 1920w,
/static/469dfe6e19619eaa5cde33d2c2e831a4/af56c/work_hand_book_flower_color_brown_1269173_pxhere_com_e819fdfbe5.jpg 2880w,
/static/469dfe6e19619eaa5cde33d2c2e831a4/27fce/work_hand_book_flower_color_brown_1269173_pxhere_com_e819fdfbe5.jpg 3840w,
/static/469dfe6e19619eaa5cde33d2c2e831a4/41435/work_hand_book_flower_color_brown_1269173_pxhere_com_e819fdfbe5.jpg 5371w"
          style="position: absolute; top: 0px; left: 0px; width: 100%; height: 100%; object-fit: cover; object-position: center; opacity: 0; transition: opacity 500ms;"
        />
      </picture>
      <noscript>
        &lt;picture&gt;&lt;source srcset="/static/469dfe6e19619eaa5cde33d2c2e831a4/9104c/work_hand_book_flower_color_brown_1269173_pxhere_com_e819fdfbe5.jpg 480w,
/static/469dfe6e19619eaa5cde33d2c2e831a4/a6352/work_hand_book_flower_color_brown_1269173_pxhere_com_e819fdfbe5.jpg 960w,
/static/469dfe6e19619eaa5cde33d2c2e831a4/d8255/work_hand_book_flower_color_brown_1269173_pxhere_com_e819fdfbe5.jpg 1920w,
/static/469dfe6e19619eaa5cde33d2c2e831a4/af56c/work_hand_book_flower_color_brown_1269173_pxhere_com_e819fdfbe5.jpg 2880w,
/static/469dfe6e19619eaa5cde33d2c2e831a4/27fce/work_hand_book_flower_color_brown_1269173_pxhere_com_e819fdfbe5.jpg 3840w,
/static/469dfe6e19619eaa5cde33d2c2e831a4/41435/work_hand_book_flower_color_brown_1269173_pxhere_com_e819fdfbe5.jpg 5371w" sizes="(max-width: 1920px) 100vw, 1920px" /&gt;&lt;img loading="lazy" sizes="(max-width: 1920px) 100vw, 1920px" srcset="/static/469dfe6e19619eaa5cde33d2c2e831a4/9104c/work_hand_book_flower_color_brown_1269173_pxhere_com_e819fdfbe5.jpg 480w,
/static/469dfe6e19619eaa5cde33d2c2e831a4/a6352/work_hand_book_flower_color_brown_1269173_pxhere_com_e819fdfbe5.jpg 960w,
/static/469dfe6e19619eaa5cde33d2c2e831a4/d8255/work_hand_book_flower_color_brown_1269173_pxhere_com_e819fdfbe5.jpg 1920w,
/static/469dfe6e19619eaa5cde33d2c2e831a4/af56c/work_hand_book_flower_color_brown_1269173_pxhere_com_e819fdfbe5.jpg 2880w,
/static/469dfe6e19619eaa5cde33d2c2e831a4/27fce/work_hand_book_flower_color_brown_1269173_pxhere_com_e819fdfbe5.jpg 3840w,
/static/469dfe6e19619eaa5cde33d2c2e831a4/41435/work_hand_book_flower_color_brown_1269173_pxhere_com_e819fdfbe5.jpg 5371w" src="/static/469dfe6e19619eaa5cde33d2c2e831a4/d8255/work_hand_book_flower_color_brown_1269173_pxhere_com_e819fdfbe5.jpg" alt="" style="position:absolute;top:0;left:0;opacity:1;width:100%;height:100%;object-fit:cover;object-position:center"/&gt;&lt;/picture&gt;
      </noscript>
    </div>
    <div
      class="css-1ab51y2-Hero"
    />
    <div
      class="css-71cnkm-Hero"
    >
      <h1
        class="css-1wf7gym"
      >
        Project #1
      </h1>
    </div>
  </section>
  <div
    class="css-1ptauik"
    data-testid="section"
  >
    <div
      class="css-1yrmf69"
    >
      <div
        class="css-3m6xlb-Project"
      >
        <div
          class="css-1mrgqrd-Project"
        >
          <div
            class="css-nfzhkf-Project"
          >
            Description
          </div>
          <p
            class="css-1pd4dm3"
          >
            Far far away, behind the word mountains, far from the countries Vokalia and Consonantia, there live the blind texts. Separated they live in Bookmarksgrove right at the coast.
          </p>
          <div
            class="css-nfzhkf-Project"
          >
            When
          </div>
          <p
            class="css-1pd4dm3"
          >
            January 2020
          </p>
          <div
            class="css-nfzhkf-Project"
          >
            Who
          </div>
          <p
            class="css-vurnku"
          >
            Jason Davis, John Anderson, Mirco Cattabriga, Aaron Jones, Amanda Johnson, Steve McQueen
          </p>
        </div>
        <div
          class="css-16i7vpp-Project"
        >
          <p
            class="css-5f8nz4-Project"
          >
            Far far away, behind the word mountains, far from the countries Vokalia and Consonantia, there live the blind texts. Separated they live in Bookmarksgrove right at the coast of the Semantics, a large language ocean. A small river named Duden flows by their place and supplies it with the necessary regelialia. It is a paradisematic country, in which roasted parts of sentences fly into your mouth. 

Far far away, behind the word mountains, far from the countries Vokalia and Consonantia, there live the blind texts. Separated they live in Bookmarksgrove right at the coast of the Semantics, a large language ocean. Far far away, behind the word mountains, far from the countries Vokalia and Consonantia, there live the blind texts. Separated they live in Bookmarksgrove right at the coast of the Semantics, a large language ocean. A small river named Duden flows by their place and supplies it with the necessary regelialia. It is a paradisematic country, in which roasted parts of sentences fly into your mouth. ‚Äç

Far far away, behind the word mountains, far from the countries Vokalia and Consonantia, there live the blind texts. Separated they live in Bookmarksgrove right at the coast of the Semantics, a large language ocean.
          </p>
        </div>
      </div>
    </div>
  </div>
  <div
    class="css-1ptauik"
    data-testid="section"
  >
    <div
      class="css-1yrmf69"
    >
      <div
        class="css-y03uoc"
      >
        <div
          class="css-i9l3dq"
        >
          <div
            class="css-r01jhj"
          />
          <div
            class="css-1sr1905"
          >
            <div
              class=" gatsby-image-wrapper"
              style="position: relative; overflow: hidden;"
            >
              <div
                aria-hidden="true"
                style="width: 100%; padding-bottom: 66.66666666666667%;"
              />
              <img
                alt=""
                aria-hidden="true"
                src="data:image/jpeg;base64,/9j/2wBDABALDA4MChAODQ4SERATGCgaGBYWGDEjJR0oOjM9PDkzODdASFxOQERXRTc4UG1RV19iZ2hnPk1xeXBkeFxlZ2P/2wBDARESEhgVGC8aGi9jQjhCY2NjY2NjY2NjY2NjY2NjY2NjY2NjY2NjY2NjY2NjY2NjY2NjY2NjY2NjY2NjY2NjY2P/wgARCAANABQDASIAAhEBAxEB/8QAFwABAQEBAAAAAAAAAAAAAAAAAAQBA//EABYBAQEBAAAAAAAAAAAAAAAAAAIAAf/aAAwDAQACEAMQAAABqbzKjVrP/8QAGBABAQEBAQAAAAAAAAAAAAAAAQIAAxH/2gAIAQEAAQUCLgb5y54x6Aaa9yu//8QAFBEBAAAAAAAAAAAAAAAAAAAAEP/aAAgBAwEBPwE//8QAFBEBAAAAAAAAAAAAAAAAAAAAEP/aAAgBAgEBPwE//8QAGhAAAgIDAAAAAAAAAAAAAAAAAAEQESEyQv/aAAgBAQAGPwKkjU6MJFx//8QAGhABAAIDAQAAAAAAAAAAAAAAAQAhETFhgf/aAAgBAQABPyEiEzUs7PJvEcgdLyIlTOpn/9oADAMBAAIAAwAAABBr/wD/xAAXEQADAQAAAAAAAAAAAAAAAAAAAREh/9oACAEDAQE/EHpEf//EABcRAQADAAAAAAAAAAAAAAAAAAABETH/2gAIAQIBAT8Qxcv/xAAeEAEAAgIBBQAAAAAAAAAAAAABABEhMVFhcZGhwf/aAAgBAQABPxBjLmbFO8uV4FltZ9F/IJxvAgfG6DOPcFqCan//2Q=="
                style="position: absolute; top: 0px; left: 0px; width: 100%; height: 100%; object-fit: cover; object-position: center; opacity: 1; transition-delay: 500ms;"
              />
              <picture>
                <source
                  sizes="(max-width: 1920px) 100vw, 1920px"
                  srcset="/static/372bc0b4ac0021ee5ef0854d85b8691e/9104c/computer_mac_writing_work_hand_apple_46918_pxhere_com_5a90587e95.jpg 480w,
/static/372bc0b4ac0021ee5ef0854d85b8691e/a6352/computer_mac_writing_work_hand_apple_46918_pxhere_com_5a90587e95.jpg 960w,
/static/372bc0b4ac0021ee5ef0854d85b8691e/d8255/computer_mac_writing_work_hand_apple_46918_pxhere_com_5a90587e95.jpg 1920w,
/static/372bc0b4ac0021ee5ef0854d85b8691e/af56c/computer_mac_writing_work_hand_apple_46918_pxhere_com_5a90587e95.jpg 2880w,
/static/372bc0b4ac0021ee5ef0854d85b8691e/35a2e/computer_mac_writing_work_hand_apple_46918_pxhere_com_5a90587e95.jpg 3543w"
                />
                <img
                  alt="Person worken on a iMac"
                  loading="lazy"
                  sizes="(max-width: 1920px) 100vw, 1920px"
                  src="/static/372bc0b4ac0021ee5ef0854d85b8691e/d8255/computer_mac_writing_work_hand_apple_46918_pxhere_com_5a90587e95.jpg"
                  srcset="/static/372bc0b4ac0021ee5ef0854d85b8691e/9104c/computer_mac_writing_work_hand_apple_46918_pxhere_com_5a90587e95.jpg 480w,
/static/372bc0b4ac0021ee5ef0854d85b8691e/a6352/computer_mac_writing_work_hand_apple_46918_pxhere_com_5a90587e95.jpg 960w,
/static/372bc0b4ac0021ee5ef0854d85b8691e/d8255/computer_mac_writing_work_hand_apple_46918_pxhere_com_5a90587e95.jpg 1920w,
/static/372bc0b4ac0021ee5ef0854d85b8691e/af56c/computer_mac_writing_work_hand_apple_46918_pxhere_com_5a90587e95.jpg 2880w,
/static/372bc0b4ac0021ee5ef0854d85b8691e/35a2e/computer_mac_writing_work_hand_apple_46918_pxhere_com_5a90587e95.jpg 3543w"
                  style="position: absolute; top: 0px; left: 0px; width: 100%; height: 100%; object-fit: cover; object-position: center; opacity: 0; transition: opacity 500ms;"
                />
              </picture>
              <noscript>
                &lt;picture&gt;&lt;source srcset="/static/372bc0b4ac0021ee5ef0854d85b8691e/9104c/computer_mac_writing_work_hand_apple_46918_pxhere_com_5a90587e95.jpg 480w,
/static/372bc0b4ac0021ee5ef0854d85b8691e/a6352/computer_mac_writing_work_hand_apple_46918_pxhere_com_5a90587e95.jpg 960w,
/static/372bc0b4ac0021ee5ef0854d85b8691e/d8255/computer_mac_writing_work_hand_apple_46918_pxhere_com_5a90587e95.jpg 1920w,
/static/372bc0b4ac0021ee5ef0854d85b8691e/af56c/computer_mac_writing_work_hand_apple_46918_pxhere_com_5a90587e95.jpg 2880w,
/static/372bc0b4ac0021ee5ef0854d85b8691e/35a2e/computer_mac_writing_work_hand_apple_46918_pxhere_com_5a90587e95.jpg 3543w" sizes="(max-width: 1920px) 100vw, 1920px" /&gt;&lt;img loading="lazy" sizes="(max-width: 1920px) 100vw, 1920px" srcset="/static/372bc0b4ac0021ee5ef0854d85b8691e/9104c/computer_mac_writing_work_hand_apple_46918_pxhere_com_5a90587e95.jpg 480w,
/static/372bc0b4ac0021ee5ef0854d85b8691e/a6352/computer_mac_writing_work_hand_apple_46918_pxhere_com_5a90587e95.jpg 960w,
/static/372bc0b4ac0021ee5ef0854d85b8691e/d8255/computer_mac_writing_work_hand_apple_46918_pxhere_com_5a90587e95.jpg 1920w,
/static/372bc0b4ac0021ee5ef0854d85b8691e/af56c/computer_mac_writing_work_hand_apple_46918_pxhere_com_5a90587e95.jpg 2880w,
/static/372bc0b4ac0021ee5ef0854d85b8691e/35a2e/computer_mac_writing_work_hand_apple_46918_pxhere_com_5a90587e95.jpg 3543w" src="/static/372bc0b4ac0021ee5ef0854d85b8691e/d8255/computer_mac_writing_work_hand_apple_46918_pxhere_com_5a90587e95.jpg" alt="Person worken on a iMac" style="position:absolute;top:0;left:0;opacity:1;width:100%;height:100%;object-fit:cover;object-position:center"/&gt;&lt;/picture&gt;
              </noscript>
            </div>
          </div>
        </div>
      </div>
      <div
        class="css-y03uoc"
      >
        <div
          class="css-i9l3dq"
        >
          <div
            class="css-r01jhj"
          />
          <div
            class="css-1sr1905"
          >
            <div
              class=" gatsby-image-wrapper"
              style="position: relative; overflow: hidden;"
            >
              <div
                aria-hidden="true"
                style="width: 100%; padding-bottom: 66.66666666666667%;"
              />
              <img
                alt=""
                aria-hidden="true"
                src="data:image/jpeg;base64,/9j/2wBDABALDA4MChAODQ4SERATGCgaGBYWGDEjJR0oOjM9PDkzODdASFxOQERXRTc4UG1RV19iZ2hnPk1xeXBkeFxlZ2P/2wBDARESEhgVGC8aGi9jQjhCY2NjY2NjY2NjY2NjY2NjY2NjY2NjY2NjY2NjY2NjY2NjY2NjY2NjY2NjY2NjY2NjY2P/wgARCAANABQDASIAAhEBAxEB/8QAFgABAQEAAAAAAAAAAAAAAAAABAAD/8QAFQEBAQAAAAAAAAAAAAAAAAAAAAH/2gAMAwEAAhADEAAAAWKxQp7aT//EABoQAAMAAwEAAAAAAAAAAAAAAAECAwAREhP/2gAIAQEAAQUC8wKq3WTftZtupmhwnWf/xAAVEQEBAAAAAAAAAAAAAAAAAAABEP/aAAgBAwEBPwFn/8QAFBEBAAAAAAAAAAAAAAAAAAAAEP/aAAgBAgEBPwE//8QAGxAAAgIDAQAAAAAAAAAAAAAAAAECERASMUL/2gAIAQEABj8CWtol5SLokc7j/8QAGxAAAgMBAQEAAAAAAAAAAAAAAAERITFBUWH/2gAIAQEAAT8haBs4Qa4Poy7iafq9GT+D1t21ekiEqP/aAAwDAQACAAMAAAAQk+//xAAWEQADAAAAAAAAAAAAAAAAAAAQETH/2gAIAQMBAT8QSD//xAAWEQADAAAAAAAAAAAAAAAAAAABECH/2gAIAQIBAT8QFX//xAAcEAEAAgMBAQEAAAAAAAAAAAABABEhMVFhQZH/2gAIAQEAAT8QfVaqLR9ThLotDZSibeFS0jSGAq1T2UKMAP2ax9cRxT08hVYBgMVP/9k="
                style="position: absolute; top: 0px; left: 0px; width: 100%; height: 100%; object-fit: cover; object-position: center; opacity: 1; transition-delay: 500ms;"
              />
              <picture>
                <source
                  sizes="(max-width: 1920px) 100vw, 1920px"
                  srcset="/static/d78ba1a42b231fe6049df64c2fac74cf/9104c/iphone_notebook_computer_writing_work_hand_730845_pxhere_com_42c77f4dc7.jpg 480w,
/static/d78ba1a42b231fe6049df64c2fac74cf/a6352/iphone_notebook_computer_writing_work_hand_730845_pxhere_com_42c77f4dc7.jpg 960w,
/static/d78ba1a42b231fe6049df64c2fac74cf/d8255/iphone_notebook_computer_writing_work_hand_730845_pxhere_com_42c77f4dc7.jpg 1920w,
/static/d78ba1a42b231fe6049df64c2fac74cf/af56c/iphone_notebook_computer_writing_work_hand_730845_pxhere_com_42c77f4dc7.jpg 2880w,
/static/d78ba1a42b231fe6049df64c2fac74cf/27fce/iphone_notebook_computer_writing_work_hand_730845_pxhere_com_42c77f4dc7.jpg 3840w,
/static/d78ba1a42b231fe6049df64c2fac74cf/c07ec/iphone_notebook_computer_writing_work_hand_730845_pxhere_com_42c77f4dc7.jpg 4104w"
                />
                <img
                  alt="Laptop and a working hand"
                  loading="lazy"
                  sizes="(max-width: 1920px) 100vw, 1920px"
                  src="/static/d78ba1a42b231fe6049df64c2fac74cf/d8255/iphone_notebook_computer_writing_work_hand_730845_pxhere_com_42c77f4dc7.jpg"
                  srcset="/static/d78ba1a42b231fe6049df64c2fac74cf/9104c/iphone_notebook_computer_writing_work_hand_730845_pxhere_com_42c77f4dc7.jpg 480w,
/static/d78ba1a42b231fe6049df64c2fac74cf/a6352/iphone_notebook_computer_writing_work_hand_730845_pxhere_com_42c77f4dc7.jpg 960w,
/static/d78ba1a42b231fe6049df64c2fac74cf/d8255/iphone_notebook_computer_writing_work_hand_730845_pxhere_com_42c77f4dc7.jpg 1920w,
/static/d78ba1a42b231fe6049df64c2fac74cf/af56c/iphone_notebook_computer_writing_work_hand_730845_pxhere_com_42c77f4dc7.jpg 2880w,
/static/d78ba1a42b231fe6049df64c2fac74cf/27fce/iphone_notebook_computer_writing_work_hand_730845_pxhere_com_42c77f4dc7.jpg 3840w,
/static/d78ba1a42b231fe6049df64c2fac74cf/c07ec/iphone_notebook_computer_writing_work_hand_730845_pxhere_com_42c77f4dc7.jpg 4104w"
                  style="position: absolute; top: 0px; left: 0px; width: 100%; height: 100%; object-fit: cover; object-position: center; opacity: 0; transition: opacity 500ms;"
                />
              </picture>
              <noscript>
                &lt;picture&gt;&lt;source srcset="/static/d78ba1a42b231fe6049df64c2fac74cf/9104c/iphone_notebook_computer_writing_work_hand_730845_pxhere_com_42c77f4dc7.jpg 480w,
/static/d78ba1a42b231fe6049df64c2fac74cf/a6352/iphone_notebook_computer_writing_work_hand_730845_pxhere_com_42c77f4dc7.jpg 960w,
/static/d78ba1a42b231fe6049df64c2fac74cf/d8255/iphone_notebook_computer_writing_work_hand_730845_pxhere_com_42c77f4dc7.jpg 1920w,
/static/d78ba1a42b231fe6049df64c2fac74cf/af56c/iphone_notebook_computer_writing_work_hand_730845_pxhere_com_42c77f4dc7.jpg 2880w,
/static/d78ba1a42b231fe6049df64c2fac74cf/27fce/iphone_notebook_computer_writing_work_hand_730845_pxhere_com_42c77f4dc7.jpg 3840w,
/static/d78ba1a42b231fe6049df64c2fac74cf/c07ec/iphone_notebook_computer_writing_work_hand_730845_pxhere_com_42c77f4dc7.jpg 4104w" sizes="(max-width: 1920px) 100vw, 1920px" /&gt;&lt;img loading="lazy" sizes="(max-width: 1920px) 100vw, 1920px" srcset="/static/d78ba1a42b231fe6049df64c2fac74cf/9104c/iphone_notebook_computer_writing_work_hand_730845_pxhere_com_42c77f4dc7.jpg 480w,
/static/d78ba1a42b231fe6049df64c2fac74cf/a6352/iphone_notebook_computer_writing_work_hand_730845_pxhere_com_42c77f4dc7.jpg 960w,
/static/d78ba1a42b231fe6049df64c2fac74cf/d8255/iphone_notebook_computer_writing_work_hand_730845_pxhere_com_42c77f4dc7.jpg 1920w,
/static/d78ba1a42b231fe6049df64c2fac74cf/af56c/iphone_notebook_computer_writing_work_hand_730845_pxhere_com_42c77f4dc7.jpg 2880w,
/static/d78ba1a42b231fe6049df64c2fac74cf/27fce/iphone_notebook_computer_writing_work_hand_730845_pxhere_com_42c77f4dc7.jpg 3840w,
/static/d78ba1a42b231fe6049df64c2fac74cf/c07ec/iphone_notebook_computer_writing_work_hand_730845_pxhere_com_42c77f4dc7.jpg 4104w" src="/static/d78ba1a42b231fe6049df64c2fac74cf/d8255/iphone_notebook_computer_writing_work_hand_730845_pxhere_com_42c77f4dc7.jpg" alt="Laptop and a working hand" style="position:absolute;top:0;left:0;opacity:1;width:100%;height:100%;object-fit:cover;object-position:center"/&gt;&lt;/picture&gt;
              </noscript>
            </div>
          </div>
        </div>
      </div>
      <div
        class="css-y03uoc"
      >
        <div
          class="css-i9l3dq"
        >
          <div
            class="css-r01jhj"
          />
          <div
            class="css-1sr1905"
          >
            <div
              class=" gatsby-image-wrapper"
              style="position: relative; overflow: hidden;"
            >
              <div
                aria-hidden="true"
                style="width: 100%; padding-bottom: 66.66666666666667%;"
              />
              <img
                alt=""
                aria-hidden="true"
                src="data:image/jpeg;base64,/9j/2wBDABALDA4MChAODQ4SERATGCgaGBYWGDEjJR0oOjM9PDkzODdASFxOQERXRTc4UG1RV19iZ2hnPk1xeXBkeFxlZ2P/2wBDARESEhgVGC8aGi9jQjhCY2NjY2NjY2NjY2NjY2NjY2NjY2NjY2NjY2NjY2NjY2NjY2NjY2NjY2NjY2NjY2NjY2P/wgARCAANABQDASIAAhEBAxEB/8QAFwABAQEBAAAAAAAAAAAAAAAAAwACBP/EABUBAQEAAAAAAAAAAAAAAAAAAAAB/9oADAMBAAIQAxAAAAEXUDmt1n//xAAZEAEBAQADAAAAAAAAAAAAAAABAhIAETH/2gAIAQEAAQUCCyricida4Oh9/8QAFBEBAAAAAAAAAAAAAAAAAAAAEP/aAAgBAwEBPwE//8QAFBEBAAAAAAAAAAAAAAAAAAAAEP/aAAgBAgEBPwE//8QAGhAAAQUBAAAAAAAAAAAAAAAAAAEQEiGhIv/aAAgBAQAGPwKOIJzZbSxv/8QAGRABAAMBAQAAAAAAAAAAAAAAAQARITFB/9oACAEBAAE/IcKc94fJc6NlzkNIIpltwLxHH//aAAwDAQACAAMAAAAQOx//xAAWEQEBAQAAAAAAAAAAAAAAAAABEEH/2gAIAQMBAT8QE2f/xAAWEQADAAAAAAAAAAAAAAAAAAABEBH/2gAIAQIBAT8QNX//xAAcEAEAAgIDAQAAAAAAAAAAAAABABEhYTFBcVH/2gAIAQEAAT8QEXcE4R7UbvqBob9jydU2QQ+bp3ZFQLjJizt3L2oZn//Z"
                style="position: absolute; top: 0px; left: 0px; width: 100%; height: 100%; object-fit: cover; object-position: center; opacity: 1; transition-delay: 500ms;"
              />
              <picture>
                <source
                  sizes="(max-width: 1920px) 100vw, 1920px"
                  srcset="/static/ae4907ad7088472e7826d526a17f7d36/9104c/laptop_iphone_notebook_computer_smartphone_mobile_599508_pxhere_com_ce08e27032.jpg 480w,
/static/ae4907ad7088472e7826d526a17f7d36/a6352/laptop_iphone_notebook_computer_smartphone_mobile_599508_pxhere_com_ce08e27032.jpg 960w,
/static/ae4907ad7088472e7826d526a17f7d36/d8255/laptop_iphone_notebook_computer_smartphone_mobile_599508_pxhere_com_ce08e27032.jpg 1920w,
/static/ae4907ad7088472e7826d526a17f7d36/af56c/laptop_iphone_notebook_computer_smartphone_mobile_599508_pxhere_com_ce08e27032.jpg 2880w,
/static/ae4907ad7088472e7826d526a17f7d36/27fce/laptop_iphone_notebook_computer_smartphone_mobile_599508_pxhere_com_ce08e27032.jpg 3840w,
/static/ae4907ad7088472e7826d526a17f7d36/6a059/laptop_iphone_notebook_computer_smartphone_mobile_599508_pxhere_com_ce08e27032.jpg 6000w"
                />
                <img
                  alt="Desk with devices on a desk"
                  loading="lazy"
                  sizes="(max-width: 1920px) 100vw, 1920px"
                  src="/static/ae4907ad7088472e7826d526a17f7d36/d8255/laptop_iphone_notebook_computer_smartphone_mobile_599508_pxhere_com_ce08e27032.jpg"
                  srcset="/static/ae4907ad7088472e7826d526a17f7d36/9104c/laptop_iphone_notebook_computer_smartphone_mobile_599508_pxhere_com_ce08e27032.jpg 480w,
/static/ae4907ad7088472e7826d526a17f7d36/a6352/laptop_iphone_notebook_computer_smartphone_mobile_599508_pxhere_com_ce08e27032.jpg 960w,
/static/ae4907ad7088472e7826d526a17f7d36/d8255/laptop_iphone_notebook_computer_smartphone_mobile_599508_pxhere_com_ce08e27032.jpg 1920w,
/static/ae4907ad7088472e7826d526a17f7d36/af56c/laptop_iphone_notebook_computer_smartphone_mobile_599508_pxhere_com_ce08e27032.jpg 2880w,
/static/ae4907ad7088472e7826d526a17f7d36/27fce/laptop_iphone_notebook_computer_smartphone_mobile_599508_pxhere_com_ce08e27032.jpg 3840w,
/static/ae4907ad7088472e7826d526a17f7d36/6a059/laptop_iphone_notebook_computer_smartphone_mobile_599508_pxhere_com_ce08e27032.jpg 6000w"
                  style="position: absolute; top: 0px; left: 0px; width: 100%; height: 100%; object-fit: cover; object-position: center; opacity: 0; transition: opacity 500ms;"
                />
              </picture>
              <noscript>
                &lt;picture&gt;&lt;source srcset="/static/ae4907ad7088472e7826d526a17f7d36/9104c/laptop_iphone_notebook_computer_smartphone_mobile_599508_pxhere_com_ce08e27032.jpg 480w,
/static/ae4907ad7088472e7826d526a17f7d36/a6352/laptop_iphone_notebook_computer_smartphone_mobile_599508_pxhere_com_ce08e27032.jpg 960w,
/static/ae4907ad7088472e7826d526a17f7d36/d8255/laptop_iphone_notebook_computer_smartphone_mobile_599508_pxhere_com_ce08e27032.jpg 1920w,
/static/ae4907ad7088472e7826d526a17f7d36/af56c/laptop_iphone_notebook_computer_smartphone_mobile_599508_pxhere_com_ce08e27032.jpg 2880w,
/static/ae4907ad7088472e7826d526a17f7d36/27fce/laptop_iphone_notebook_computer_smartphone_mobile_599508_pxhere_com_ce08e27032.jpg 3840w,
/static/ae4907ad7088472e7826d526a17f7d36/6a059/laptop_iphone_notebook_computer_smartphone_mobile_599508_pxhere_com_ce08e27032.jpg 6000w" sizes="(max-width: 1920px) 100vw, 1920px" /&gt;&lt;img loading="lazy" sizes="(max-width: 1920px) 100vw, 1920px" srcset="/static/ae4907ad7088472e7826d526a17f7d36/9104c/laptop_iphone_notebook_computer_smartphone_mobile_599508_pxhere_com_ce08e27032.jpg 480w,
/static/ae4907ad7088472e7826d526a17f7d36/a6352/laptop_iphone_notebook_computer_smartphone_mobile_599508_pxhere_com_ce08e27032.jpg 960w,
/static/ae4907ad7088472e7826d526a17f7d36/d8255/laptop_iphone_notebook_computer_smartphone_mobile_599508_pxhere_com_ce08e27032.jpg 1920w,
/static/ae4907ad7088472e7826d526a17f7d36/af56c/laptop_iphone_notebook_computer_smartphone_mobile_599508_pxhere_com_ce08e27032.jpg 2880w,
/static/ae4907ad7088472e7826d526a17f7d36/27fce/laptop_iphone_notebook_computer_smartphone_mobile_599508_pxhere_com_ce08e27032.jpg 3840w,
/static/ae4907ad7088472e7826d526a17f7d36/6a059/laptop_iphone_notebook_computer_smartphone_mobile_599508_pxhere_com_ce08e27032.jpg 6000w" src="/static/ae4907ad7088472e7826d526a17f7d36/d8255/laptop_iphone_notebook_computer_smartphone_mobile_599508_pxhere_com_ce08e27032.jpg" alt="Desk with devices on a desk" style="position:absolute;top:0;left:0;opacity:1;width:100%;height:100%;object-fit:cover;object-position:center"/&gt;&lt;/picture&gt;
              </noscript>
            </div>
          </div>
        </div>
      </div>
    </div>
  </div>
</div>
`;
